This is pdfTeX, Version 3.141592653-2.6-1.40.25 (TeX Live 2023/Debian) (preloaded format=pdflatex 2026.3.26)  27 MAR 2026 10:27
entering extended mode
 restricted \write18 enabled.
 file:line:error style messages enabled.
 %&-line parsing enabled.
**/home/david/code/latex/V16_Temperaturmessung/main.tex
(/home/david/code/latex/V16_Temperaturmessung/main.tex
LaTeX2e <2023-11-01> patch level 1
L3 programming layer <2024-01-22>
(/usr/share/texlive/texmf-dist/tex/latex/base/article.cls
Document Class: article 2023/05/17 v1.4n Standard LaTeX document class
(/usr/share/texlive/texmf-dist/tex/latex/base/size12.clo
File: size12.clo 2023/05/17 v1.4n Standard LaTeX file (size option)
)
\c@part=\count187
\c@section=\count188
\c@subsection=\count189
\c@subsubsection=\count190
\c@paragraph=\count191
\c@subparagraph=\count192
\c@figure=\count193
\c@table=\count194
\abovecaptionskip=\skip48
\belowcaptionskip=\skip49
\bibindent=\dimen140
) (/usr/share/texlive/texmf-dist/tex/generic/babel/babel.sty
Package: babel 2024/01/07 v24.1 The Babel package
\babel@savecnt=\count195
\U@D=\dimen141
\l@unhyphenated=\language89
 (/usr/share/texlive/texmf-dist/tex/generic/babel/txtbabel.def)
\bbl@readstream=\read2
\bbl@dirlevel=\count196
 (/usr/share/texlive/texmf-dist/tex/generic/babel-german/ngerman.ldf
Language: ngerman 2024/01/19 v2.14 German support for babel (post-1996 orthography)
 (/usr/share/texlive/texmf-dist/tex/generic/babel-german/ngermanb.ldf
Language: ngermanb 2024/01/19 v2.14 German support for babel (post-1996 orthography)
Package babel Info: Making " an active character on input line 122.
))) (/usr/share/texlive/texmf-dist/tex/generic/babel/locale/de/babel-ngerman.tex
Package babel Info: Importing font and identification data for ngerman
(babel)             from babel-de.ini. Reported on input line 11.
) (/usr/share/texlive/texmf-dist/tex/latex/base/inputenc.sty
Package: inputenc 2021/02/14 v1.3d Input encoding file
\inpenc@prehook=\toks17
\inpenc@posthook=\toks18
) (/usr/share/texlive/texmf-dist/tex/latex/base/fontenc.sty
Package: fontenc 2021/04/29 v2.0v Standard LaTeX package
) (/usr/share/texlive/texmf-dist/tex/latex/graphics/graphicx.sty
Package: graphicx 2021/09/16 v1.2d Enhanced LaTeX Graphics (DPC,SPQR)
 (/usr/share/texlive/texmf-dist/tex/latex/graphics/keyval.sty
Package: keyval 2022/05/29 v1.15 key=value parser (DPC)
\KV@toks@=\toks19
) (/usr/share/texlive/texmf-dist/tex/latex/graphics/graphics.sty
Package: graphics 2022/03/10 v1.4e Standard LaTeX Graphics (DPC,SPQR)
 (/usr/share/texlive/texmf-dist/tex/latex/graphics/trig.sty
Package: trig 2021/08/11 v1.11 sin cos tan (DPC)
) (/usr/share/texlive/texmf-dist/tex/latex/graphics-cfg/graphics.cfg
File: graphics.cfg 2016/06/04 v1.11 sample graphics configuration
)
Package graphics Info: Driver file: pdftex.def on input line 107.
 (/usr/share/texlive/texmf-dist/tex/latex/graphics-def/pdftex.def
File: pdftex.def 2022/09/22 v1.2b Graphics/color driver for pdftex
))
\Gin@req@height=\dimen142
\Gin@req@width=\dimen143
) (/usr/share/texlive/texmf-dist/tex/latex/amsmath/amsmath.sty
Package: amsmath 2023/05/13 v2.17o AMS math features
\@mathmargin=\skip50

For additional information on amsmath, use the `?' option.
(/usr/share/texlive/texmf-dist/tex/latex/amsmath/amstext.sty
Package: amstext 2021/08/26 v2.01 AMS text
 (/usr/share/texlive/texmf-dist/tex/latex/amsmath/amsgen.sty
File: amsgen.sty 1999/11/30 v2.0 generic functions
\@emptytoks=\toks20
\ex@=\dimen144
)) (/usr/share/texlive/texmf-dist/tex/latex/amsmath/amsbsy.sty
Package: amsbsy 1999/11/29 v1.2d Bold Symbols
\pmbraise@=\dimen145
) (/usr/share/texlive/texmf-dist/tex/latex/amsmath/amsopn.sty
Package: amsopn 2022/04/08 v2.04 operator names
)
\inf@bad=\count197
LaTeX Info: Redefining \frac on input line 234.
\uproot@=\count198
\leftroot@=\count199
LaTeX Info: Redefining \overline on input line 399.
LaTeX Info: Redefining \colon on input line 410.
\classnum@=\count266
\DOTSCASE@=\count267
LaTeX Info: Redefining \ldots on input line 496.
LaTeX Info: Redefining \dots on input line 499.
LaTeX Info: Redefining \cdots on input line 620.
\Mathstrutbox@=\box51
\strutbox@=\box52
LaTeX Info: Redefining \big on input line 722.
LaTeX Info: Redefining \Big on input line 723.
LaTeX Info: Redefining \bigg on input line 724.
LaTeX Info: Redefining \Bigg on input line 725.
\big@size=\dimen146
LaTeX Font Info:    Redeclaring font encoding OML on input line 743.
LaTeX Font Info:    Redeclaring font encoding OMS on input line 744.
\macc@depth=\count268
LaTeX Info: Redefining \bmod on input line 905.
LaTeX Info: Redefining \pmod on input line 910.
LaTeX Info: Redefining \smash on input line 940.
LaTeX Info: Redefining \relbar on input line 970.
LaTeX Info: Redefining \Relbar on input line 971.
\c@MaxMatrixCols=\count269
\dotsspace@=\muskip16
\c@parentequation=\count270
\dspbrk@lvl=\count271
\tag@help=\toks21
\row@=\count272
\column@=\count273
\maxfields@=\count274
\andhelp@=\toks22
\eqnshift@=\dimen147
\alignsep@=\dimen148
\tagshift@=\dimen149
\tagwidth@=\dimen150
\totwidth@=\dimen151
\lineht@=\dimen152
\@envbody=\toks23
\multlinegap=\skip51
\multlinetaggap=\skip52
\mathdisplay@stack=\toks24
LaTeX Info: Redefining \[ on input line 2953.
LaTeX Info: Redefining \] on input line 2954.
) (/usr/share/texlive/texmf-dist/tex/latex/siunitx/siunitx.sty
Package: siunitx 2024-01-25 v3.3.10 A comprehensive (SI) units package
\l__siunitx_number_uncert_offset_int=\count275
\l__siunitx_number_exponent_fixed_int=\count276
\l__siunitx_number_min_decimal_int=\count277
\l__siunitx_number_min_integer_int=\count278
\l__siunitx_number_round_precision_int=\count279
\l__siunitx_number_lower_threshold_int=\count280
\l__siunitx_number_upper_threshold_int=\count281
\l__siunitx_number_group_first_int=\count282
\l__siunitx_number_group_size_int=\count283
\l__siunitx_number_group_minimum_int=\count284
\l__siunitx_angle_tmp_dim=\dimen153
\l__siunitx_angle_marker_box=\box53
\l__siunitx_angle_unit_box=\box54
\l__siunitx_compound_count_int=\count285
 (/usr/share/texlive/texmf-dist/tex/latex/translations/translations.sty
Package: translations 2022/02/05 v1.12 internationalization of LaTeX2e packages (CN)
 (/usr/share/texlive/texmf-dist/tex/latex/etoolbox/etoolbox.sty
Package: etoolbox 2020/10/05 v2.5k e-TeX tools for LaTeX (JAW)
\etb@tempcnta=\count286
) (/usr/share/texlive/texmf-dist/tex/generic/pdftexcmds/pdftexcmds.sty
Package: pdftexcmds 2020-06-27 v0.33 Utility functions of pdfTeX for LuaTeX (HO)
 (/usr/share/texlive/texmf-dist/tex/generic/infwarerr/infwarerr.sty
Package: infwarerr 2019/12/03 v1.5 Providing info/warning/error messages (HO)
) (/usr/share/texlive/texmf-dist/tex/generic/iftex/iftex.sty
Package: iftex 2022/02/03 v1.0f TeX engine tests
) (/usr/share/texlive/texmf-dist/tex/generic/ltxcmds/ltxcmds.sty
Package: ltxcmds 2023-12-04 v1.26 LaTeX kernel commands for general use (HO)
)
Package pdftexcmds Info: \pdf@primitive is available.
Package pdftexcmds Info: \pdf@ifprimitive is available.
Package pdftexcmds Info: \pdfdraftmode found.
))
\l__siunitx_table_tmp_box=\box55
\l__siunitx_table_tmp_dim=\dimen154
\l__siunitx_table_column_width_dim=\dimen155
\l__siunitx_table_integer_box=\box56
\l__siunitx_table_decimal_box=\box57
\l__siunitx_table_uncert_box=\box58
\l__siunitx_table_before_box=\box59
\l__siunitx_table_after_box=\box60
\l__siunitx_table_before_dim=\dimen156
\l__siunitx_table_carry_dim=\dimen157
\l__siunitx_unit_tmp_int=\count287
\l__siunitx_unit_position_int=\count288
\l__siunitx_unit_total_int=\count289
 (/usr/share/texlive/texmf-dist/tex/latex/tools/array.sty
Package: array 2023/10/16 v2.5g Tabular extension package (FMi)
\col@sep=\dimen158
\ar@mcellbox=\box61
\extrarowheight=\dimen159
\NC@list=\toks25
\extratabsurround=\skip53
\backup@length=\skip54
\ar@cellbox=\box62
)) (/usr/share/texlive/texmf-dist/tex/latex/spreadtab/spreadtab.sty
Package: spreadtab 2023/09/11 v0.52 Spreadsheet features for table environments (CT)
 (/usr/share/texlive/texmf-dist/tex/generic/xstring/xstring.sty (/usr/share/texlive/texmf-dist/tex/generic/xstring/xstring.tex
\xs_counta=\count290
\xs_countb=\count291
)
Package: xstring 2023/08/22 v1.86 String manipulations (CT)
) (/usr/share/texlive/texmf-dist/tex/latex/fp/fp.sty
Package: fp 1995/04/02
 `Fixed Point Package', Version 0.8, April 2, 1995 (C) Michael Mehlich (/usr/share/texlive/texmf-dist/tex/latex/fp/defpattern.sty
Package: defpattern 1994/10/12
\actioncount=\count292
) (/usr/share/texlive/texmf-dist/tex/latex/fp/fp-basic.sty
Package: fp-basic 1996/05/13
\FP@xs=\count293
\FP@xia=\count294
\FP@xib=\count295
\FP@xfa=\count296
\FP@xfb=\count297
\FP@rega=\count298
\FP@regb=\count299
\FP@regs=\count300
\FP@times=\count301
) (/usr/share/texlive/texmf-dist/tex/latex/fp/fp-addons.sty
Package: fp-addons 1995/03/15
) (/usr/share/texlive/texmf-dist/tex/latex/fp/fp-snap.sty
Package: fp-snap 1995/04/05
) (/usr/share/texlive/texmf-dist/tex/latex/fp/fp-exp.sty
Package: fp-exp 1995/04/03
) (/usr/share/texlive/texmf-dist/tex/latex/fp/fp-trigo.sty
Package: fp-trigo 1995/04/14
) (/usr/share/texlive/texmf-dist/tex/latex/fp/fp-pas.sty
Package: fp-pas 1994/08/29
) (/usr/share/texlive/texmf-dist/tex/latex/fp/fp-random.sty
Package: fp-random 1995/02/23
\FPseed=\count302
) (/usr/share/texlive/texmf-dist/tex/latex/fp/fp-eqn.sty
Package: fp-eqn 1995/04/03
) (/usr/share/texlive/texmf-dist/tex/latex/fp/fp-upn.sty
Package: fp-upn 1996/10/21
) (/usr/share/texlive/texmf-dist/tex/latex/fp/fp-eval.sty
Package: fp-eval 1995/04/03
)) spreadtab message: FP calc engine now active
\ST@count=\count303
\ST@colcount=\count304
\ST@colcount@i=\count305
\ST@rowcount=\count306
\ST@rowcount@i=\count307
\ST@integerpart=\count308
\ST@decimalpart=\count309
) (/usr/share/texlive/texmf-dist/tex/latex/booktabs/booktabs.sty
Package: booktabs 2020/01/12 v1.61803398 Publication quality tables
\heavyrulewidth=\dimen160
\lightrulewidth=\dimen161
\cmidrulewidth=\dimen162
\belowrulesep=\dimen163
\belowbottomsep=\dimen164
\aboverulesep=\dimen165
\abovetopsep=\dimen166
\cmidrulesep=\dimen167
\cmidrulekern=\dimen168
\defaultaddspace=\dimen169
\@cmidla=\count310
\@cmidlb=\count311
\@aboverulesep=\dimen170
\@belowrulesep=\dimen171
\@thisruleclass=\count312
\@lastruleclass=\count313
\@thisrulewidth=\dimen172
) (/usr/share/texlive/texmf-dist/tex/latex/geometry/geometry.sty
Package: geometry 2020/01/02 v5.9 Page Geometry
 (/usr/share/texlive/texmf-dist/tex/generic/iftex/ifvtex.sty
Package: ifvtex 2019/10/25 v1.7 ifvtex legacy package. Use iftex instead.
)
\Gm@cnth=\count314
\Gm@cntv=\count315
\c@Gm@tempcnt=\count316
\Gm@bindingoffset=\dimen173
\Gm@wd@mp=\dimen174
\Gm@odd@mp=\dimen175
\Gm@even@mp=\dimen176
\Gm@layoutwidth=\dimen177
\Gm@layoutheight=\dimen178
\Gm@layouthoffset=\dimen179
\Gm@layoutvoffset=\dimen180
\Gm@dimlist=\toks26
) (/usr/share/texlive/texmf-dist/tex/latex/tools/tabularx.sty
Package: tabularx 2023/07/08 v2.11c `tabularx' package (DPC)
\TX@col@width=\dimen181
\TX@old@table=\dimen182
\TX@old@col=\dimen183
\TX@target=\dimen184
\TX@delta=\dimen185
\TX@cols=\count317
\TX@ftn=\toks27
) (/usr/share/texlive/texmf-dist/tex/latex/caption/caption.sty
Package: caption 2023/08/05 v3.6o Customizing captions (AR)
 (/usr/share/texlive/texmf-dist/tex/latex/caption/caption3.sty
Package: caption3 2023/07/31 v2.4d caption3 kernel (AR)
\caption@tempdima=\dimen186
\captionmargin=\dimen187
\caption@leftmargin=\dimen188
\caption@rightmargin=\dimen189
\caption@width=\dimen190
\caption@indent=\dimen191
\caption@parindent=\dimen192
\caption@hangindent=\dimen193
Package caption Info: Standard document class detected.
)
\c@caption@flags=\count318
\c@continuedfloat=\count319
) (/usr/share/texlive/texmf-dist/tex/latex/float/float.sty
Package: float 2001/11/08 v1.3d Float enhancements (AL)
\c@float@type=\count320
\float@exts=\toks28
\float@box=\box63
\@float@everytoks=\toks29
\@floatcapt=\box64
) (/usr/share/texlive/texmf-dist/tex/latex/hyperref/hyperref.sty
Package: hyperref 2024-01-20 v7.01h Hypertext links for LaTeX
 (/usr/share/texlive/texmf-dist/tex/latex/kvsetkeys/kvsetkeys.sty
Package: kvsetkeys 2022-10-05 v1.19 Key value parser (HO)
) (/usr/share/texlive/texmf-dist/tex/generic/kvdefinekeys/kvdefinekeys.sty
Package: kvdefinekeys 2019-12-19 v1.6 Define keys (HO)
) (/usr/share/texlive/texmf-dist/tex/generic/pdfescape/pdfescape.sty
Package: pdfescape 2019/12/09 v1.15 Implements pdfTeX's escape features (HO)
) (/usr/share/texlive/texmf-dist/tex/latex/hycolor/hycolor.sty
Package: hycolor 2020-01-27 v1.10 Color options for hyperref/bookmark (HO)
) (/usr/share/texlive/texmf-dist/tex/latex/auxhook/auxhook.sty
Package: auxhook 2019-12-17 v1.6 Hooks for auxiliary files (HO)
) (/usr/share/texlive/texmf-dist/tex/latex/hyperref/nameref.sty
Package: nameref 2023-11-26 v2.56 Cross-referencing by name of section
 (/usr/share/texlive/texmf-dist/tex/latex/refcount/refcount.sty
Package: refcount 2019/12/15 v3.6 Data extraction from label references (HO)
) (/usr/share/texlive/texmf-dist/tex/generic/gettitlestring/gettitlestring.sty
Package: gettitlestring 2019/12/15 v1.6 Cleanup title references (HO)
 (/usr/share/texlive/texmf-dist/tex/latex/kvoptions/kvoptions.sty
Package: kvoptions 2022-06-15 v3.15 Key value format for package options (HO)
))
\c@section@level=\count321
)
\@linkdim=\dimen194
\Hy@linkcounter=\count322
\Hy@pagecounter=\count323
 (/usr/share/texlive/texmf-dist/tex/latex/hyperref/pd1enc.def
File: pd1enc.def 2024-01-20 v7.01h Hyperref: PDFDocEncoding definition (HO)
Now handling font encoding PD1 ...
... no UTF-8 mapping file for font encoding PD1
) (/usr/share/texlive/texmf-dist/tex/generic/intcalc/intcalc.sty
Package: intcalc 2019/12/15 v1.3 Expandable calculations with integers (HO)
)
\Hy@SavedSpaceFactor=\count324
 (/usr/share/texlive/texmf-dist/tex/latex/hyperref/puenc.def
File: puenc.def 2024-01-20 v7.01h Hyperref: PDF Unicode definition (HO)
Now handling font encoding PU ...
... no UTF-8 mapping file for font encoding PU
)
Package hyperref Info: Option `colorlinks' set `true' on input line 4062.
Package hyperref Info: Hyper figures OFF on input line 4179.
Package hyperref Info: Link nesting OFF on input line 4184.
Package hyperref Info: Hyper index ON on input line 4187.
Package hyperref Info: Plain pages OFF on input line 4194.
Package hyperref Info: Backreferencing OFF on input line 4199.
Package hyperref Info: Implicit mode ON; LaTeX internals redefined.
Package hyperref Info: Bookmarks ON on input line 4446.
\c@Hy@tempcnt=\count325
 (/usr/share/texlive/texmf-dist/tex/latex/url/url.sty
\Urlmuskip=\muskip17
Package: url 2013/09/16  ver 3.4  Verb mode for urls, etc.
)
LaTeX Info: Redefining \url on input line 4784.
\XeTeXLinkMargin=\dimen195
 (/usr/share/texlive/texmf-dist/tex/generic/bitset/bitset.sty
Package: bitset 2019/12/09 v1.3 Handle bit-vector datatype (HO)
 (/usr/share/texlive/texmf-dist/tex/generic/bigintcalc/bigintcalc.sty
Package: bigintcalc 2019/12/15 v1.5 Expandable calculations on big integers (HO)
))
\Fld@menulength=\count326
\Field@Width=\dimen196
\Fld@charsize=\dimen197
Package hyperref Info: Hyper figures OFF on input line 6063.
Package hyperref Info: Link nesting OFF on input line 6068.
Package hyperref Info: Hyper index ON on input line 6071.
Package hyperref Info: backreferencing OFF on input line 6078.
Package hyperref Info: Link coloring ON on input line 6081.
Package hyperref Info: Link coloring with OCG OFF on input line 6088.
Package hyperref Info: PDF/A mode OFF on input line 6093.
 (/usr/share/texlive/texmf-dist/tex/latex/base/atbegshi-ltx.sty
Package: atbegshi-ltx 2021/01/10 v1.0c Emulation of the original atbegshi
package with kernel methods
)
\Hy@abspage=\count327
\c@Item=\count328
\c@Hfootnote=\count329
)
Package hyperref Info: Driver (autodetected): hpdftex.
 (/usr/share/texlive/texmf-dist/tex/latex/hyperref/hpdftex.def
File: hpdftex.def 2024-01-20 v7.01h Hyperref driver for pdfTeX
 (/usr/share/texlive/texmf-dist/tex/latex/base/atveryend-ltx.sty
Package: atveryend-ltx 2020/08/19 v1.0a Emulation of the original atveryend package
with kernel methods
)
\Fld@listcount=\count330
\c@bookmark@seq@number=\count331
 (/usr/share/texlive/texmf-dist/tex/latex/rerunfilecheck/rerunfilecheck.sty
Package: rerunfilecheck 2022-07-10 v1.10 Rerun checks for auxiliary files (HO)
 (/usr/share/texlive/texmf-dist/tex/generic/uniquecounter/uniquecounter.sty
Package: uniquecounter 2019/12/15 v1.4 Provide unlimited unique counter (HO)
)
Package uniquecounter Info: New unique counter `rerunfilecheck' on input line 285.
)
\Hy@SectionHShift=\skip55
) (/usr/share/texlive/texmf-dist/tex/latex/pdfpages/pdfpages.sty
Package: pdfpages 2024/01/21 v0.5y Insert pages of external PDF documents (AM)
 (/usr/share/texlive/texmf-dist/tex/latex/base/ifthen.sty
Package: ifthen 2022/04/13 v1.1d Standard LaTeX ifthen package (DPC)
) (/usr/share/texlive/texmf-dist/tex/latex/tools/calc.sty
Package: calc 2023/07/08 v4.3 Infix arithmetic (KKT,FJ)
\calc@Acount=\count332
\calc@Bcount=\count333
\calc@Adimen=\dimen198
\calc@Bdimen=\dimen199
\calc@Askip=\skip56
\calc@Bskip=\skip57
LaTeX Info: Redefining \setlength on input line 80.
LaTeX Info: Redefining \addtolength on input line 81.
\calc@Ccount=\count334
\calc@Cskip=\skip58
) (/usr/share/texlive/texmf-dist/tex/latex/eso-pic/eso-pic.sty
Package: eso-pic 2023/05/03 v3.0c eso-pic (RN)
\ESO@tempdima=\dimen256
\ESO@tempdimb=\dimen257
 (/usr/share/texlive/texmf-dist/tex/latex/xcolor/xcolor.sty
Package: xcolor 2023/11/15 v3.01 LaTeX color extensions (UK)
 (/usr/share/texlive/texmf-dist/tex/latex/graphics-cfg/color.cfg
File: color.cfg 2016/01/02 v1.6 sample color configuration
)
Package xcolor Info: Driver file: pdftex.def on input line 274.
 (/usr/share/texlive/texmf-dist/tex/latex/graphics/mathcolor.ltx)
Package xcolor Info: Model `cmy' substituted by `cmy0' on input line 1350.
Package xcolor Info: Model `hsb' substituted by `rgb' on input line 1354.
Package xcolor Info: Model `RGB' extended on input line 1366.
Package xcolor Info: Model `HTML' substituted by `rgb' on input line 1368.
Package xcolor Info: Model `Hsb' substituted by `hsb' on input line 1369.
Package xcolor Info: Model `tHsb' substituted by `hsb' on input line 1370.
Package xcolor Info: Model `HSB' substituted by `hsb' on input line 1371.
Package xcolor Info: Model `Gray' substituted by `gray' on input line 1372.
Package xcolor Info: Model `wave' substituted by `hsb' on input line 1373.
))
\AM@pagewidth=\dimen258
\AM@pageheight=\dimen259
\AM@fboxrule=\dimen260
 (/usr/share/texlive/texmf-dist/tex/latex/pdfpages/pppdftex.def
File: pppdftex.def 2024/01/21 v0.5y Pdfpages driver for pdfTeX (AM)
)
\pdfpages@includegraphics@status=\count335
\AM@pagebox=\box65
\AM@global@opts=\toks30
\AM@pagecnt=\count336
\AM@toc@title=\toks31
\AM@lof@heading=\toks32
\c@AM@survey=\count337
\AM@templatesizebox=\box66
) (/usr/share/texlive/texmf-dist/tex/latex/l3backend/l3backend-pdftex.def
File: l3backend-pdftex.def 2024-01-04 L3 backend support: PDF output (pdfTeX)
\l__color_backend_stack_int=\count338
\l__pdf_internal_box=\box67
) (./main.aux)
\openout1 = `main.aux'.

LaTeX Font Info:    Checking defaults for OML/cmm/m/it on input line 34.
LaTeX Font Info:    ... okay on input line 34.
LaTeX Font Info:    Checking defaults for OMS/cmsy/m/n on input line 34.
LaTeX Font Info:    ... okay on input line 34.
LaTeX Font Info:    Checking defaults for OT1/cmr/m/n on input line 34.
LaTeX Font Info:    ... okay on input line 34.
LaTeX Font Info:    Checking defaults for T1/cmr/m/n on input line 34.
LaTeX Font Info:    ... okay on input line 34.
LaTeX Font Info:    Checking defaults for TS1/cmr/m/n on input line 34.
LaTeX Font Info:    ... okay on input line 34.
LaTeX Font Info:    Checking defaults for OMX/cmex/m/n on input line 34.
LaTeX Font Info:    ... okay on input line 34.
LaTeX Font Info:    Checking defaults for U/cmr/m/n on input line 34.
LaTeX Font Info:    ... okay on input line 34.
LaTeX Font Info:    Checking defaults for PD1/pdf/m/n on input line 34.
LaTeX Font Info:    ... okay on input line 34.
LaTeX Font Info:    Checking defaults for PU/pdf/m/n on input line 34.
LaTeX Font Info:    ... okay on input line 34.
 (/usr/share/texlive/texmf-dist/tex/context/base/mkii/supp-pdf.mkii
[Loading MPS to PDF converter (version 2006.09.02).]
\scratchcounter=\count339
\scratchdimen=\dimen261
\scratchbox=\box68
\nofMPsegments=\count340
\nofMParguments=\count341
\everyMPshowfont=\toks33
\MPscratchCnt=\count342
\MPscratchDim=\dimen262
\MPnumerator=\count343
\makeMPintoPDFobject=\count344
\everyMPtoPDFconversion=\toks34
) (/usr/share/texlive/texmf-dist/tex/latex/epstopdf-pkg/epstopdf-base.sty
Package: epstopdf-base 2020-01-24 v2.11 Base part for package epstopdf
Package epstopdf-base Info: Redefining graphics rule for `.eps' on input line 485.
 (/usr/share/texlive/texmf-dist/tex/latex/latexconfig/epstopdf-sys.cfg
File: epstopdf-sys.cfg 2010/07/13 v1.3 Configuration of (r)epstopdf for TeX Live
)) (/usr/share/texlive/texmf-dist/tex/latex/translations/translations-basic-dictionary-german.trsl
File: translations-basic-dictionary-german.trsl (german translation file `translations-basic-dictionary')
)
Package translations Info: loading dictionary `translations-basic-dictionary' for `german'. on input line 34.

*geometry* driver: auto-detecting
*geometry* detected driver: pdftex
*geometry* verbose mode - [ preamble ] result:
* driver: pdftex
* paper: a4paper
* layout: <same size as paper>
* layoutoffset:(h,v)=(0.0pt,0.0pt)
* modes: 
* h-part:(L,W,R)=(71.13188pt, 455.24411pt, 71.13188pt)
* v-part:(T,H,B)=(71.13188pt, 702.78308pt, 71.13188pt)
* \paperwidth=597.50787pt
* \paperheight=845.04684pt
* \textwidth=455.24411pt
* \textheight=702.78308pt
* \oddsidemargin=-1.1381pt
* \evensidemargin=-1.1381pt
* \topmargin=-38.1381pt
* \headheight=12.0pt
* \headsep=25.0pt
* \topskip=12.0pt
* \footskip=30.0pt
* \marginparwidth=35.0pt
* \marginparsep=10.0pt
* \columnsep=10.0pt
* \skip\footins=10.8pt plus 4.0pt minus 2.0pt
* \hoffset=0.0pt
* \voffset=0.0pt
* \mag=1000
* \@twocolumnfalse
* \@twosidefalse
* \@mparswitchfalse
* \@reversemarginfalse
* (1in=72.27pt=25.4mm, 1cm=28.453pt)

Package caption Info: Begin \AtBeginDocument code.
Package caption Info: float package is loaded.
Package caption Info: hyperref package is loaded.
Package caption Info: End \AtBeginDocument code.
Package hyperref Info: Link coloring ON on input line 34.
(./main.out) (./main.out)
\@outlinefile=\write3
\openout3 = `main.out'.

 (/usr/share/texlive/texmf-dist/tex/latex/pdflscape/pdflscape.sty
Package: pdflscape 2022-10-27 v0.13 Display of landscape pages in PDF
 (/usr/share/texlive/texmf-dist/tex/latex/pdflscape/pdflscape-nometadata.sty
Package: pdflscape-nometadata 2022-10-28 v0.13 Display of landscape pages in PDF (HO)
 (/usr/share/texlive/texmf-dist/tex/latex/graphics/lscape.sty
Package: lscape 2020/05/28 v3.02 Landscape Pages (DPC)
)
Package pdflscape Info: Auto-detected driver: pdftex on input line 81.
))
<Copy of Protokolldeckblatt (2015) +11.pdf, id=76, 597.45204pt x 845.1575pt>
File: Copy of Protokolldeckblatt (2015) +11.pdf Graphic file (type pdf)
<use Copy of Protokolldeckblatt (2015) +11.pdf>
Package pdftex.def Info: Copy of Protokolldeckblatt (2015) +11.pdf  used on input line 35.
(pdftex.def)             Requested size: 597.45058pt x 845.15544pt.
File: Copy of Protokolldeckblatt (2015) +11.pdf Graphic file (type pdf)
<use Copy of Protokolldeckblatt (2015) +11.pdf>
Package pdftex.def Info: Copy of Protokolldeckblatt (2015) +11.pdf  used on input line 35.
(pdftex.def)             Requested size: 597.45058pt x 845.15544pt.
<Copy of Protokolldeckblatt (2015) +11.pdf, id=79, page=1, 597.45204pt x 845.1575pt>
File: Copy of Protokolldeckblatt (2015) +11.pdf Graphic file (type pdf)
<use Copy of Protokolldeckblatt (2015) +11.pdf, page 1>
Package pdftex.def Info: Copy of Protokolldeckblatt (2015) +11.pdf , page1 used on input line 35.
(pdftex.def)             Requested size: 597.45058pt x 845.15544pt.
File: Copy of Protokolldeckblatt (2015) +11.pdf Graphic file (type pdf)
<use Copy of Protokolldeckblatt (2015) +11.pdf, page 1>
Package pdftex.def Info: Copy of Protokolldeckblatt (2015) +11.pdf , page1 used on input line 35.
(pdftex.def)             Requested size: 597.45058pt x 845.15544pt.
File: Copy of Protokolldeckblatt (2015) +11.pdf Graphic file (type pdf)
<use Copy of Protokolldeckblatt (2015) +11.pdf, page 1>
Package pdftex.def Info: Copy of Protokolldeckblatt (2015) +11.pdf , page1 used on input line 35.
(pdftex.def)             Requested size: 597.45058pt x 845.15544pt.
File: Copy of Protokolldeckblatt (2015) +11.pdf Graphic file (type pdf)
<use Copy of Protokolldeckblatt (2015) +11.pdf, page 1>
Package pdftex.def Info: Copy of Protokolldeckblatt (2015) +11.pdf , page1 used on input line 35.
(pdftex.def)             Requested size: 597.45058pt x 845.15544pt.
File: Copy of Protokolldeckblatt (2015) +11.pdf Graphic file (type pdf)
<use Copy of Protokolldeckblatt (2015) +11.pdf, page 1>
Package pdftex.def Info: Copy of Protokolldeckblatt (2015) +11.pdf , page1 used on input line 35.
(pdftex.def)             Requested size: 597.45058pt x 845.15544pt.
 [1


 <./Copy of Protokolldeckblatt (2015) +11.pdf>]
Overfull \hbox (12.00002pt too wide) in paragraph at lines 37--37
 [][] 
 []

(./main.toc)
\tf@toc=\write4
\openout4 = `main.toc'.

 [2{/var/lib/texmf/fonts/map/pdftex/updmap/pdftex.map}{/usr/share/texmf/fonts/enc/dvips/cm-super/cm-super-t1.enc}]
<Screenshot 2026-03-22 123212.png, id=196, 752.8125pt x 659.46375pt>
File: Screenshot 2026-03-22 123212.png Graphic file (type png)
<use Screenshot 2026-03-22 123212.png>
Package pdftex.def Info: Screenshot 2026-03-22 123212.png  used on input line 49.
(pdftex.def)             Requested size: 455.24411pt x 398.8007pt.
<Screenshot 2026-03-22 105709.png, id=198, 700.11563pt x 670.75594pt>
File: Screenshot 2026-03-22 105709.png Graphic file (type png)
<use Screenshot 2026-03-22 105709.png>
Package pdftex.def Info: Screenshot 2026-03-22 105709.png  used on input line 62.
(pdftex.def)             Requested size: 254.93558pt x 244.2456pt.
<Screenshot 2026-03-22 131246.png, id=199, 864.98157pt x 637.63219pt>
File: Screenshot 2026-03-22 131246.png Graphic file (type png)
<use Screenshot 2026-03-22 131246.png>
Package pdftex.def Info: Screenshot 2026-03-22 131246.png  used on input line 78.
(pdftex.def)             Requested size: 182.09486pt x 134.22778pt.

Overfull \hbox (41.23703pt too wide) in paragraph at lines 69--83
 [][] 
 []

[3 <./Screenshot 2026-03-22 123212.png>] [4 <./Screenshot 2026-03-22 105709.png> <./Screenshot 2026-03-22 131246.png>]
Overfull \hbox (21.84576pt too wide) detected at line 173
[][]
 []

[5]
Overfull \hbox (18.54706pt too wide) in paragraph at lines 213--215
[]\T1/cmr/m/n/12 Eine Vier-leiter-schal-tung wird zur In-be-trieb-nah-me des Pt-100-Widerstandsthermometers
 []

[6]

Package siunitx Info: Option "separate-uncertainty" has been deprecated in
(siunitx)             this release.
(siunitx)             
(siunitx)             Use "uncertainty-mode = separate" as a replacement.


Overfull \hbox (9.1388pt too wide) detected at line 237
[]$[]\OT1/cmr/m/n/12 8$ 
 []


Overfull \hbox (18.27759pt too wide) detected at line 237
$[]\OT1/cmr/m/n/12 0$ []$[]8$ 
 []


Overfull \hbox (5.87494pt too wide) detected at line 237
[]$[]\OT1/cmr/m/n/12 13$ 
 []


Overfull \hbox (11.74988pt too wide) detected at line 237
$[]\OT1/cmr/m/n/12 00$ []$[]13$ 
 []


Overfull \hbox (9.1388pt too wide) detected at line 238
[]$[]\OT1/cmr/m/n/12 9$ 
 []


Overfull \hbox (18.27759pt too wide) detected at line 238
$[]\OT1/cmr/m/n/12 0$ []$[]9$ 
 []


Overfull \hbox (5.87494pt too wide) detected at line 238
[]$[]\OT1/cmr/m/n/12 13$ 
 []


Overfull \hbox (11.74988pt too wide) detected at line 238
$[]\OT1/cmr/m/n/12 50$ []$[]13$ 
 []


Overfull \hbox (9.1388pt too wide) detected at line 239
[]$[]\OT1/cmr/m/n/12 0$ 
 []


Overfull \hbox (18.27759pt too wide) detected at line 239
$[]\OT1/cmr/m/n/12 0$ []$[]0$ 
 []


Overfull \hbox (5.87494pt too wide) detected at line 239
[]$[]\OT1/cmr/m/n/12 14$ 
 []


Overfull \hbox (11.74988pt too wide) detected at line 239
$[]\OT1/cmr/m/n/12 00$ []$[]14$ 
 []


Overfull \hbox (5.87494pt too wide) detected at line 240
[]$[]\OT1/cmr/m/n/12 14$ 
 []


Overfull \hbox (11.74988pt too wide) detected at line 240
$[]\OT1/cmr/m/n/12 80$ []$[]14$ 
 []


Overfull \hbox (5.87494pt too wide) detected at line 241
[]$[]\OT1/cmr/m/n/12 14$ 
 []


Overfull \hbox (11.74988pt too wide) detected at line 241
$[]\OT1/cmr/m/n/12 60$ []$[]14$ 
 []


Overfull \hbox (5.87494pt too wide) detected at line 242
[]$[]\OT1/cmr/m/n/12 15$ 
 []


Overfull \hbox (11.74988pt too wide) detected at line 242
$[]\OT1/cmr/m/n/12 60$ []$[]15$ 
 []


Overfull \hbox (5.87494pt too wide) detected at line 243
[]$[]\OT1/cmr/m/n/12 15$ 
 []


Overfull \hbox (11.74988pt too wide) detected at line 243
$[]\OT1/cmr/m/n/12 40$ []$[]15$ 
 []


Overfull \hbox (5.87494pt too wide) detected at line 244
[]$[]\OT1/cmr/m/n/12 15$ 
 []


Overfull \hbox (11.74988pt too wide) detected at line 244
$[]\OT1/cmr/m/n/12 50$ []$[]15$ 
 []


Overfull \hbox (5.87494pt too wide) detected at line 245
[]$[]\OT1/cmr/m/n/12 16$ 
 []


Overfull \hbox (11.74988pt too wide) detected at line 245
$[]\OT1/cmr/m/n/12 70$ []$[]16$ 
 []


Overfull \hbox (5.87494pt too wide) detected at line 246
[]$[]\OT1/cmr/m/n/12 16$ 
 []


Overfull \hbox (11.74988pt too wide) detected at line 246
$[]\OT1/cmr/m/n/12 70$ []$[]16$ 
 []


Overfull \hbox (5.87494pt too wide) detected at line 247
[]$[]\OT1/cmr/m/n/12 16$ 
 []


Overfull \hbox (11.74988pt too wide) detected at line 247
$[]\OT1/cmr/m/n/12 80$ []$[]16$ 
 []


Overfull \hbox (5.87494pt too wide) detected at line 272
[]$[]\OT1/cmr/m/n/12 15$ 
 []


Overfull \hbox (11.74988pt too wide) detected at line 272
$[]\OT1/cmr/m/n/12 80$ []$[]15$ 
 []

[7{/usr/share/texmf/fonts/enc/dvips/cm-super/cm-super-ts1.enc}]
Underfull \hbox (badness 10000) in paragraph at lines 312--315

 []

[8]
Overfull \hbox (20.88867pt too wide) detected at line 331
$[]\OT1/cmr/m/n/12 000$ [] 
 []


Overfull \hbox (15.01373pt too wide) detected at line 332
$[]\OT1/cmr/m/n/12 15$ [] 
 []


Overfull \hbox (9.1388pt too wide) detected at line 332
[]$[]\OT1/cmr/m/n/12 9$ 
 []


Overfull \hbox (18.27759pt too wide) detected at line 332
$[]\OT1/cmr/m/n/12 0$ []$[]9$ 
 []


Overfull \hbox (20.88867pt too wide) detected at line 332
$[]\OT1/cmr/m/n/12 573$ [] 
 []


Overfull \hbox (15.01373pt too wide) detected at line 333
$[]\OT1/cmr/m/n/12 72$ [] 
 []


Overfull \hbox (9.1388pt too wide) detected at line 333
[]$[]\OT1/cmr/m/n/12 0$ 
 []


Overfull \hbox (18.27759pt too wide) detected at line 333
$[]\OT1/cmr/m/n/12 0$ []$[]0$ 
 []


Overfull \hbox (20.88867pt too wide) detected at line 333
$[]\OT1/cmr/m/n/12 441$ [] 
 []


Overfull \hbox (15.01373pt too wide) detected at line 334
$[]\OT1/cmr/m/n/12 59$ [] 
 []


Overfull \hbox (15.01373pt too wide) detected at line 334
$[]\OT1/cmr/m/n/12 84$ [] 
 []


Overfull \hbox (15.01373pt too wide) detected at line 335
$[]\OT1/cmr/m/n/12 99$ [] 
 []


Overfull \hbox (15.01373pt too wide) detected at line 335
$[]\OT1/cmr/m/n/12 53$ [] 
 []


Overfull \hbox (15.01373pt too wide) detected at line 336
$[]\OT1/cmr/m/n/12 68$ [] 
 []


Overfull \hbox (15.01373pt too wide) detected at line 336
$[]\OT1/cmr/m/n/12 81$ [] 
 []


Overfull \hbox (15.01373pt too wide) detected at line 337
$[]\OT1/cmr/m/n/12 96$ [] 
 []


Overfull \hbox (15.01373pt too wide) detected at line 337
$[]\OT1/cmr/m/n/12 09$ [] 
 []


Overfull \hbox (15.01373pt too wide) detected at line 338
$[]\OT1/cmr/m/n/12 24$ [] 
 []


Overfull \hbox (15.01373pt too wide) detected at line 338
$[]\OT1/cmr/m/n/12 07$ [] 
 []


Overfull \hbox (15.01373pt too wide) detected at line 339
$[]\OT1/cmr/m/n/12 22$ [] 
 []


Overfull \hbox (15.01373pt too wide) detected at line 339
$[]\OT1/cmr/m/n/12 24$ [] 
 []


Overfull \hbox (15.01373pt too wide) detected at line 340
$[]\OT1/cmr/m/n/12 39$ [] 
 []


Overfull \hbox (15.01373pt too wide) detected at line 340
$[]\OT1/cmr/m/n/12 23$ [] 
 []


Overfull \hbox (15.01373pt too wide) detected at line 341
$[]\OT1/cmr/m/n/12 38$ [] 
 []


Overfull \hbox (15.01373pt too wide) detected at line 341
$[]\OT1/cmr/m/n/12 45$ [] 
 []


Overfull \hbox (15.01373pt too wide) detected at line 342
$[]\OT1/cmr/m/n/12 60$ [] 
 []


Underfull \hbox (badness 10000) in paragraph at lines 355--375

 []


Underfull \hbox (badness 10000) in paragraph at lines 355--375

 []


Underfull \hbox (badness 10000) in paragraph at lines 355--375

 []


Underfull \hbox (badness 10000) in paragraph at lines 355--375

 []


Overfull \hbox (13.13596pt too wide) in paragraph at lines 355--375
\T1/cmr/m/n/12 nä-hernd auf Zim-mer-tem-pe-ra-tur \TS1/cmr/m/n/12 ^^Y \T1/cmr/m/n/12 die-ses ÿchäd-li-che Vo-lu-men"wird kom-pri-miert/expandiert,
 []


Underfull \hbox (badness 10000) in paragraph at lines 355--375

 []


Underfull \hbox (badness 10000) in paragraph at lines 355--375

 []


Underfull \hbox (badness 10000) in paragraph at lines 355--375

 []

[9] [10] (./main.aux)
 ***********
LaTeX2e <2023-11-01> patch level 1
L3 programming layer <2024-01-22>
 ***********
Package rerunfilecheck Info: File `main.out' has not changed.
(rerunfilecheck)             Checksum: C8A2539440EF6F609A9D32C8C8571057;2929.
 ) 
Here is how much of TeX's memory you used:
 19076 strings out of 474222
 359808 string characters out of 5748733
 1952975 words of memory out of 5000000
 41023 multiletter control sequences out of 15000+600000
 573583 words of font info for 70 fonts, out of 8000000 for 9000
 1141 hyphenation exceptions out of 8191
 75i,18n,80p,621b,1044s stack positions out of 10000i,1000n,20000p,200000b,200000s
</usr/share/texlive/texmf-dist/fonts/type1/public/amsfonts/cm/cmex10.pfb></usr/share/texlive/texmf-dist/fonts/type1/public/amsfonts/cm/cmmi12.pfb></usr/share/texlive/texmf-dist/fonts/type1/public/amsfonts/cm/cmmi6.pfb></usr/share/texlive/texmf-dist/fonts/type1/public/amsfonts/cm/cmmi8.pfb></usr/share/texlive/texmf-dist/fonts/type1/public/amsfonts/cm/cmr12.pfb></usr/share/texlive/texmf-dist/fonts/type1/public/amsfonts/cm/cmr8.pfb></usr/share/texlive/texmf-dist/fonts/type1/public/amsfonts/cm/cmsy10.pfb></usr/share/texlive/texmf-dist/fonts/type1/public/amsfonts/cm/cmsy8.pfb></usr/share/texmf/fonts/type1/public/cm-super/sfbx0800.pfb></usr/share/texmf/fonts/type1/public/cm-super/sfbx1200.pfb></usr/share/texmf/fonts/type1/public/cm-super/sfbx1440.pfb></usr/share/texmf/fonts/type1/public/cm-super/sfbx1728.pfb></usr/share/texmf/fonts/type1/public/cm-super/sfbx2074.pfb></usr/share/texmf/fonts/type1/public/cm-super/sfrm0800.pfb></usr/share/texmf/fonts/type1/public/cm-super/sfrm1200.pfb></usr/share/texmf/fonts/type1/public/cm-super/sfrm1440.pfb>
Output written on main.pdf (10 pages, 597735 bytes).
PDF statistics:
 373 PDF objects out of 1000 (max. 8388607)
 287 compressed objects within 3 object streams
 61 named destinations out of 1000 (max. 500000)
 180 words of extra memory for PDF output out of 10000 (max. 10000000)

